src/lancs/mobilemedia/core/threads/BaseThread.java
src/lancs/mobilemedia/core/ui/MainUIMidlet.java
src/lancs/mobilemedia/core/ui/controller/BaseController.java
src/lancs/mobilemedia/core/ui/controller/AbstractController.java
src/lancs/mobilemedia/core/ui/controller/AlbumController.java
src/lancs/mobilemedia/core/ui/controller/ControllerInterface.java
src/lancs/mobilemedia/core/ui/controller/PhotoController.java
src/lancs/mobilemedia/core/ui/controller/PhotoListController.java
src/lancs/mobilemedia/core/ui/controller/PhotoViewController.java
src/lancs/mobilemedia/core/ui/controller/ScreenSingleton.java
src/lancs/mobilemedia/core/ui/datamodel/AlbumData.java
src/lancs/mobilemedia/core/ui/datamodel/ImageAccessor.java
src/lancs/mobilemedia/core/ui/datamodel/ImageData.java
src/lancs/mobilemedia/core/ui/screens/AddPhotoToAlbum.java
src/lancs/mobilemedia/core/ui/screens/AlbumListScreen.java
src/lancs/mobilemedia/core/ui/screens/NewLabelScreen.java
src/lancs/mobilemedia/core/ui/screens/PhotoListScreen.java
src/lancs/mobilemedia/core/ui/screens/PhotoViewScreen.java
src/lancs/mobilemedia/core/ui/screens/SplashScreen.java
src/lancs/mobilemedia/core/util/Constants.java
src/lancs/mobilemedia/core/util/ImageUtil.java
src/lancs/mobilemedia/lib/exceptions/ImageNotFoundException.java
src/lancs/mobilemedia/lib/exceptions/ImagePathNotValidException.java
src/lancs/mobilemedia/lib/exceptions/InvalidArrayFormatException.java
src/lancs/mobilemedia/lib/exceptions/InvalidImageDataException.java
src/lancs/mobilemedia/lib/exceptions/InvalidImageFormatException.java
src/lancs/mobilemedia/lib/exceptions/NullAlbumDataReference.java
src/lancs/mobilemedia/lib/exceptions/PersistenceMechanismException.java
src/lancs/mobilemedia/lib/exceptions/UnavailablePhotoAlbumException.java
src/lancs/mobilemedia/lib/exceptions/InvalidPhotoAlbumNameException.java
src/lancs/mobilemedia/sms/SmsMessaging.java
src/lancs/mobilemedia/sms/SmsReceiverThread.java
src/lancs/mobilemedia/sms/SmsSenderThread.java
src/lancs/mobilemedia/sms/SmsSenderController.java
src/lancs/mobilemedia/sms/SmsReceiverController.java
src/lancs/mobilemedia/sms/NetworkScreen.java
src/lancs/mobilemedia/core/comms/BaseMessaging.java

